// Jest Snapshot v1, https://goo.gl/fbAQLP

exports[`[components] - Filter should render correctly 1`] = `
Object {
  "asFragment": [Function],
  "baseElement": <body>
    <div>
      <div
        class="Filter__Container-sc-bj2vay-0"
      >
        <h4
          class="Filter__Title-sc-bj2vay-2 cVDNWF"
        >
          Sizes:
        </h4>
        <div
          class="Filter__Checkbox-sc-bj2vay-1 cUzHAu"
        >
          <label>
            <input
              data-testid="checkbox"
              type="checkbox"
              value="XS"
            />
            <span
              class="checkmark"
              data-cy="size-XS"
            >
              XS
            </span>
          </label>
        </div>
        <div
          class="Filter__Checkbox-sc-bj2vay-1 cUzHAu"
        >
          <label>
            <input
              data-testid="checkbox"
              type="checkbox"
              value="S"
            />
            <span
              class="checkmark"
              data-cy="size-S"
            >
              S
            </span>
          </label>
        </div>
        <div
          class="Filter__Checkbox-sc-bj2vay-1 cUzHAu"
        >
          <label>
            <input
              data-testid="checkbox"
              type="checkbox"
              value="M"
            />
            <span
              class="checkmark"
              data-cy="size-M"
            >
              M
            </span>
          </label>
        </div>
        <div
          class="Filter__Checkbox-sc-bj2vay-1 cUzHAu"
        >
          <label>
            <input
              data-testid="checkbox"
              type="checkbox"
              value="ML"
            />
            <span
              class="checkmark"
              data-cy="size-ML"
            >
              ML
            </span>
          </label>
        </div>
        <div
          class="Filter__Checkbox-sc-bj2vay-1 cUzHAu"
        >
          <label>
            <input
              data-testid="checkbox"
              type="checkbox"
              value="L"
            />
            <span
              class="checkmark"
              data-cy="size-L"
            >
              L
            </span>
          </label>
        </div>
        <div
          class="Filter__Checkbox-sc-bj2vay-1 cUzHAu"
        >
          <label>
            <input
              data-testid="checkbox"
              type="checkbox"
              value="XL"
            />
            <span
              class="checkmark"
              data-cy="size-XL"
            >
              XL
            </span>
          </label>
        </div>
        <div
          class="Filter__Checkbox-sc-bj2vay-1 cUzHAu"
        >
          <label>
            <input
              data-testid="checkbox"
              type="checkbox"
              value="XXL"
            />
            <span
              class="checkmark"
              data-cy="size-XXL"
            >
              XXL
            </span>
          </label>
        </div>
      </div>
    </div>
  </body>,
  "container": <div>
    <div
      class="Filter__Container-sc-bj2vay-0"
    >
      <h4
        class="Filter__Title-sc-bj2vay-2 cVDNWF"
      >
        Sizes:
      </h4>
      <div
        class="Filter__Checkbox-sc-bj2vay-1 cUzHAu"
      >
        <label>
          <input
            data-testid="checkbox"
            type="checkbox"
            value="XS"
          />
          <span
            class="checkmark"
            data-cy="size-XS"
          >
            XS
          </span>
        </label>
      </div>
      <div
        class="Filter__Checkbox-sc-bj2vay-1 cUzHAu"
      >
        <label>
          <input
            data-testid="checkbox"
            type="checkbox"
            value="S"
          />
          <span
            class="checkmark"
            data-cy="size-S"
          >
            S
          </span>
        </label>
      </div>
      <div
        class="Filter__Checkbox-sc-bj2vay-1 cUzHAu"
      >
        <label>
          <input
            data-testid="checkbox"
            type="checkbox"
            value="M"
          />
          <span
            class="checkmark"
            data-cy="size-M"
          >
            M
          </span>
        </label>
      </div>
      <div
        class="Filter__Checkbox-sc-bj2vay-1 cUzHAu"
      >
        <label>
          <input
            data-testid="checkbox"
            type="checkbox"
            value="ML"
          />
          <span
            class="checkmark"
            data-cy="size-ML"
          >
            ML
          </span>
        </label>
      </div>
      <div
        class="Filter__Checkbox-sc-bj2vay-1 cUzHAu"
      >
        <label>
          <input
            data-testid="checkbox"
            type="checkbox"
            value="L"
          />
          <span
            class="checkmark"
            data-cy="size-L"
          >
            L
          </span>
        </label>
      </div>
      <div
        class="Filter__Checkbox-sc-bj2vay-1 cUzHAu"
      >
        <label>
          <input
            data-testid="checkbox"
            type="checkbox"
            value="XL"
          />
          <span
            class="checkmark"
            data-cy="size-XL"
          >
            XL
          </span>
        </label>
      </div>
      <div
        class="Filter__Checkbox-sc-bj2vay-1 cUzHAu"
      >
        <label>
          <input
            data-testid="checkbox"
            type="checkbox"
            value="XXL"
          />
          <span
            class="checkmark"
            data-cy="size-XXL"
          >
            XXL
          </span>
        </label>
      </div>
    </div>
  </div>,
  "debug": [Function],
  "findAllByAltText": [Function],
  "findAllByDisplayValue": [Function],
  "findAllByLabelText": [Function],
  "findAllByPlaceholderText": [Function],
  "findAllByRole": [Function],
  "findAllByTestId": [Function],
  "findAllByText": [Function],
  "findAllByTitle": [Function],
  "findByAltText": [Function],
  "findByDisplayValue": [Function],
  "findByLabelText": [Function],
  "findByPlaceholderText": [Function],
  "findByRole": [Function],
  "findByTestId": [Function],
  "findByText": [Function],
  "findByTitle": [Function],
  "getAllByAltText": [Function],
  "getAllByDisplayValue": [Function],
  "getAllByLabelText": [Function],
  "getAllByPlaceholderText": [Function],
  "getAllByRole": [Function],
  "getAllByTestId": [Function],
  "getAllByText": [Function],
  "getAllByTitle": [Function],
  "getByAltText": [Function],
  "getByDisplayValue": [Function],
  "getByLabelText": [Function],
  "getByPlaceholderText": [Function],
  "getByRole": [Function],
  "getByTestId": [Function],
  "getByText": [Function],
  "getByTitle": [Function],
  "queryAllByAltText": [Function],
  "queryAllByDisplayValue": [Function],
  "queryAllByLabelText": [Function],
  "queryAllByPlaceholderText": [Function],
  "queryAllByRole": [Function],
  "queryAllByTestId": [Function],
  "queryAllByText": [Function],
  "queryAllByTitle": [Function],
  "queryByAltText": [Function],
  "queryByDisplayValue": [Function],
  "queryByLabelText": [Function],
  "queryByPlaceholderText": [Function],
  "queryByRole": [Function],
  "queryByTestId": [Function],
  "queryByText": [Function],
  "queryByTitle": [Function],
  "rerender": [Function],
  "unmount": [Function],
}
`;
